// Jest Snapshot v1, https://goo.gl/fbAQLP

exports[`Header Should render the checkout view without props 1`] = `
<div
  className="settled-payment-options"
>
  <h5>
    Refund options
  </h5>
  <p>
    Lorem ipsum dolor sit amet, consectetur adipiscing elit. Quisque nec sagittis velit, vitae euismod est. Suspendisse at quam vitae elit rhoncus rhoncus ut at erat. In dapibus ipsum sodales varius pretium. Suspendisse malesuada placerat accumsan. Integer pulvinar felis ullamcorper turpis sollicitudin euismod
  </p>
  <button
    className="btn btn-primary"
    type="button"
  >
    Refund
  </button>
  <button
    className="btn btn-secondary"
    type="button"
  >
    Partial refund
  </button>
</div>
`;
